// Jest Snapshot v1, https://goo.gl/fbAQLP

exports[`EditForm should render correctly 1`] = `
<div
  className="sc-bZQynM sc-gipzik EllQY"
>
  <span
    className="sc-bwzfXH bSXYSn"
  >
    <span
      className="sc-htpNat kudpsQ"
      color="default"
    >
      <div
        className="sc-bRBYWo bMxFny"
      >
        <button
          className="sc-bxivhb dzSBVV"
          color="white"
          onClick={[Function]}
          size="medium"
        >
          <div
            className="sc-EHOje fVHsnR"
          >
            Личные данные
          </div>
          <div
            className="rtr-root sc-ifAKCX jCCKIM"
            onMouseDown={[Function]}
            onMouseLeave={[Function]}
            onMouseUp={[Function]}
            onTouchEnd={[Function]}
            onTouchMove={[Function]}
            onTouchStart={[Function]}
            timeout={
              Object {
                "enter": 500,
                "exit": 500,
              }
            }
          >
            <span />
          </div>
        </button>
        <button
          className="sc-bxivhb fMlgZn"
          color="white"
          onClick={[Function]}
          size="medium"
        >
          <div
            className="sc-EHOje fVHsnR"
          >
            Карта клиента
            <span
              className="sc-bdVaJa iLJQTS"
              color="warning"
            >
              0
            </span>
          </div>
          <div
            className="rtr-root sc-ifAKCX jCCKIM"
            onMouseDown={[Function]}
            onMouseLeave={[Function]}
            onMouseUp={[Function]}
            onTouchEnd={[Function]}
            onTouchMove={[Function]}
            onTouchStart={[Function]}
            timeout={
              Object {
                "enter": 500,
                "exit": 500,
              }
            }
          >
            <span />
          </div>
        </button>
      </div>
    </span>
  </span>
  <div
    className="sc-Rmtcm fnUFlH"
  >
    <div
      className="sc-csuQGl jGNKrR"
    >
      <form
        className="sc-jDwBTQ cDzFei"
        onSubmit={[Function]}
      >
        <div
          className="sc-gPEVay bRSkdC"
        >
          <div
            className="sc-kAzzGY jkRSqS"
            color="default"
            label="Логин"
            onChange={[Function]}
            value="sweet"
          >
            <label
              className="sc-cSHVUG cEERK"
            >
              Логин
            </label>
            <div
              className="sc-fjdhpX kbgEzK"
              color="default"
              onClick={[Function]}
            >
              <input
                className="sc-chPdSV iTTWNX"
                onBlur={[Function]}
                onChange={[Function]}
                value="sweet"
              />
              <div
                className="sc-jzJRlG gkEvqg"
                color="default"
              />
            </div>
          </div>
          <div
            className="sc-kAzzGY jkRSqS"
            color="default"
            label="ФИО"
            onChange={[Function]}
            value="Моисеева Ульяна Дмитриевна"
          >
            <label
              className="sc-cSHVUG cEERK"
            >
              ФИО
            </label>
            <div
              className="sc-fjdhpX kbgEzK"
              color="default"
              onClick={[Function]}
            >
              <input
                className="sc-chPdSV iTTWNX"
                onBlur={[Function]}
                onChange={[Function]}
                value="Моисеева Ульяна Дмитриевна"
              />
              <div
                className="sc-jzJRlG gkEvqg"
                color="default"
              />
            </div>
          </div>
          <div
            className="sc-kAzzGY jkRSqS"
            color="default"
            label="Почта"
            onChange={[Function]}
            value="ovosh@mail.ru"
          >
            <label
              className="sc-cSHVUG cEERK"
            >
              Почта
            </label>
            <div
              className="sc-fjdhpX kbgEzK"
              color="default"
              onClick={[Function]}
            >
              <input
                className="sc-chPdSV iTTWNX"
                onBlur={[Function]}
                onChange={[Function]}
                value="ovosh@mail.ru"
              />
              <div
                className="sc-jzJRlG gkEvqg"
                color="default"
              />
            </div>
          </div>
          <div
            className="sc-kAzzGY jkRSqS"
            color="default"
            label="Кошелек (руб)"
            onChange={[Function]}
            value={1200}
          >
            <label
              className="sc-cSHVUG cEERK"
            >
              Кошелек (руб)
            </label>
            <div
              className="sc-fjdhpX kbgEzK"
              color="default"
              onClick={[Function]}
            >
              <input
                className="sc-chPdSV iTTWNX"
                onBlur={[Function]}
                onChange={[Function]}
                value={1200}
              />
              <div
                className="sc-jzJRlG gkEvqg"
                color="default"
              />
            </div>
          </div>
          <div
            className="sc-kAzzGY jkRSqS"
            color="default"
            label="Телефон"
            onChange={[Function]}
            value=""
          >
            <label
              className="sc-cSHVUG cEERK"
            >
              Телефон
            </label>
            <div
              className="sc-fjdhpX kbgEzK"
              color="default"
              onClick={[Function]}
            >
              <input
                className="sc-chPdSV iTTWNX"
                onBlur={[Function]}
                onChange={[Function]}
                value=""
              />
              <div
                className="sc-jzJRlG gkEvqg"
                color="default"
              />
            </div>
          </div>
          <div
            className="sc-kAzzGY jkRSqS"
            color="default"
            label="Пароль"
            onChange={[Function]}
            type="password"
            value=""
          >
            <label
              className="sc-cSHVUG cEERK"
            >
              Пароль
            </label>
            <div
              className="sc-fjdhpX kbgEzK"
              color="default"
              onClick={[Function]}
            >
              <input
                className="sc-chPdSV iTTWNX"
                onBlur={[Function]}
                onChange={[Function]}
                value=""
              />
              <div
                className="sc-jzJRlG gkEvqg"
                color="default"
              />
            </div>
          </div>
          <div
            className="sc-kAzzGY jkRSqS"
            color="default"
            label="Повторите пароль"
            onChange={[Function]}
            type="password"
            value=""
          >
            <label
              className="sc-cSHVUG cEERK"
            >
              Повторите пароль
            </label>
            <div
              className="sc-fjdhpX kbgEzK"
              color="default"
              onClick={[Function]}
            >
              <input
                className="sc-chPdSV iTTWNX"
                onBlur={[Function]}
                onChange={[Function]}
                value=""
              />
              <div
                className="sc-jzJRlG gkEvqg"
                color="default"
              />
            </div>
          </div>
        </div>
        <div
          className="sc-iRbamj cUbavi"
        >
          <button
            className="sc-jlyJG emunYX sc-bxivhb hUEkAr"
            color="success"
            size="medium"
            type="submit"
          >
            <div
              className="sc-EHOje fVHsnR"
            >
              Сохранить
            </div>
            <div
              className="rtr-root sc-ifAKCX jCCKIM"
              onMouseDown={[Function]}
              onMouseLeave={[Function]}
              onMouseUp={[Function]}
              onTouchEnd={[Function]}
              onTouchMove={[Function]}
              onTouchStart={[Function]}
              timeout={
                Object {
                  "enter": 500,
                  "exit": 500,
                }
              }
            >
              <span />
            </div>
          </button>
        </div>
      </form>
    </div>
    <div
      className="sc-csuQGl ehqwrJ"
    >
      <div
        className="sc-jAaTju kRsMPV"
      >
        <div
          className="sc-cvbbAY eFzwdd"
        >
          <div
            className="sc-brqgnP hEgmVV"
          />
          <div
            className="sc-cMljjf gPbBbO"
          >
            <p
              className="sc-jTzLTM kljdyS"
              color="surface"
            >
              Записи отсутствуют
            </p>
          </div>
          <table
            className="sc-jWBwVP dUfZFW"
          >
            <tbody />
          </table>
        </div>
      </div>
      <div
        className="sc-hzDkRC deNlEF"
      >
        <div
          className="sc-kAzzGY jkRSqS"
          color="default"
          data={Array []}
          label={null}
          onChange={[Function]}
          onFocus={[Function]}
          placeholder="Выбирите абонимент"
          value=""
        >
          <label
            className="sc-cSHVUG dWFnGS"
          />
          <div
            className="sc-fjdhpX gcKgED"
            color="default"
            onClick={[Function]}
          >
            <div
              className="sc-kgoBCf dOcyB"
            >
              <svg
                aria-hidden="true"
                className="MuiSvgIcon-root-1"
                focusable="false"
                role="presentation"
                viewBox="0 0 24 24"
              >
                <path
                  d="M0 0h24v24H0z"
                  fill="none"
                />
                <path
                  d="M20.57 14.86L22 13.43 20.57 12 17 15.57 8.43 7 12 3.43 10.57 2 9.14 3.43 7.71 2 5.57 4.14 4.14 2.71 2.71 4.14l1.43 1.43L2 7.71l1.43 1.43L2 10.57 3.43 12 7 8.43 15.57 17 12 20.57 13.43 22l1.43-1.43L16.29 22l2.14-2.14 1.43 1.43 1.43-1.43-1.43-1.43L22 16.29z"
                />
              </svg>
            </div>
            <input
              className="sc-chPdSV iTTWNX"
              onBlur={[Function]}
              onChange={[Function]}
              placeholder="Выбирите абонимент"
              value=""
            />
            <div
              className="sc-kGXeez jHAfAq"
            >
              <svg
                aria-hidden="true"
                className="MuiSvgIcon-root-1"
                focusable="false"
                role="presentation"
                viewBox="0 0 24 24"
              >
                <path
                  d="M7 10l5 5 5-5z"
                />
                <path
                  d="M0 0h24v24H0z"
                  fill="none"
                />
              </svg>
            </div>
            <div
              className="sc-jzJRlG dNgqWR"
              color="default"
            />
          </div>
        </div>
        <button
          className="sc-bxivhb cZkzNO"
          color="default"
          disabled={true}
          onClick={[Function]}
          size="medium"
          type="submit"
        >
          <div
            className="sc-EHOje fVHsnR"
          >
            Добавить
          </div>
          <div
            className="rtr-root sc-ifAKCX jCCKIM"
            onMouseDown={[Function]}
            onMouseLeave={[Function]}
            onMouseUp={[Function]}
            onTouchEnd={[Function]}
            onTouchMove={[Function]}
            onTouchStart={[Function]}
            timeout={
              Object {
                "enter": 500,
                "exit": 500,
              }
            }
          >
            <span />
          </div>
        </button>
      </div>
    </div>
  </div>
</div>
`;
