// Jest Snapshot v1, https://goo.gl/fbAQLP

exports[`react-testing UsersEditForm default SNAPSHOT should render correctly 1`] = `
<DocumentFragment>
  <div
    class="sc-bZQynM sc-gipzik EllQY"
  >
    <span
      class="sc-bwzfXH bSXYSn"
    >
      <span
        class="sc-htpNat kudpsQ"
        color="default"
      >
        <div
          class="sc-bRBYWo bMxFny"
        >
          <button
            class="sc-bxivhb dzSBVV"
            color="white"
          >
            <div
              class="sc-EHOje fVHsnR"
            >
              Личные данные
            </div>
            <div
              class="rtr-root sc-ifAKCX jCCKIM"
              timeout="[object Object]"
            >
              <span />
            </div>
          </button>
          <button
            class="sc-bxivhb fMlgZn"
            color="white"
          >
            <div
              class="sc-EHOje fVHsnR"
            >
              Карта клиента
              <span
                class="sc-bdVaJa cFxWnN"
                color="success"
              >
                5
              </span>
            </div>
            <div
              class="rtr-root sc-ifAKCX jCCKIM"
              timeout="[object Object]"
            >
              <span />
            </div>
          </button>
        </div>
      </span>
    </span>
    <div
      class="sc-Rmtcm fnUFlH"
    >
      <div
        class="sc-csuQGl jGNKrR"
      >
        <form
          class="sc-jDwBTQ cDzFei"
        >
          <div
            class="sc-gPEVay bRSkdC"
          >
            <div
              class="sc-kAzzGY jkRSqS"
              color="default"
              label="Логин"
              value="sweet"
            >
              <label
                class="sc-cSHVUG cEERK"
              >
                Логин
              </label>
              <div
                class="sc-fjdhpX kbgEzK"
                color="default"
              >
                <input
                  class="sc-chPdSV iTTWNX"
                  value="sweet"
                />
                <div
                  class="sc-jzJRlG gkEvqg"
                  color="default"
                />
              </div>
            </div>
            <div
              class="sc-kAzzGY jkRSqS"
              color="default"
              label="ФИО"
              value="Моисеева Ульяна Дмитриевна"
            >
              <label
                class="sc-cSHVUG cEERK"
              >
                ФИО
              </label>
              <div
                class="sc-fjdhpX kbgEzK"
                color="default"
              >
                <input
                  class="sc-chPdSV iTTWNX"
                  value="Моисеева Ульяна Дмитриевна"
                />
                <div
                  class="sc-jzJRlG gkEvqg"
                  color="default"
                />
              </div>
            </div>
            <div
              class="sc-kAzzGY jkRSqS"
              color="default"
              label="Почта"
              value="ovosh@mail.ru"
            >
              <label
                class="sc-cSHVUG cEERK"
              >
                Почта
              </label>
              <div
                class="sc-fjdhpX kbgEzK"
                color="default"
              >
                <input
                  class="sc-chPdSV iTTWNX"
                  value="ovosh@mail.ru"
                />
                <div
                  class="sc-jzJRlG gkEvqg"
                  color="default"
                />
              </div>
            </div>
            <div
              class="sc-kAzzGY jkRSqS"
              color="default"
              label="Кошелек (руб)"
              value="1200"
            >
              <label
                class="sc-cSHVUG cEERK"
              >
                Кошелек (руб)
              </label>
              <div
                class="sc-fjdhpX kbgEzK"
                color="default"
              >
                <input
                  class="sc-chPdSV iTTWNX"
                  value="1200"
                />
                <div
                  class="sc-jzJRlG gkEvqg"
                  color="default"
                />
              </div>
            </div>
            <div
              class="sc-kAzzGY jkRSqS"
              color="default"
              label="Телефон"
              value="+79829998733"
            >
              <label
                class="sc-cSHVUG cEERK"
              >
                Телефон
              </label>
              <div
                class="sc-fjdhpX kbgEzK"
                color="default"
              >
                <input
                  class="sc-chPdSV iTTWNX"
                  value="+79829998733"
                />
                <div
                  class="sc-jzJRlG gkEvqg"
                  color="default"
                />
              </div>
            </div>
            <div
              class="sc-kAzzGY jkRSqS"
              color="default"
              label="Пароль"
              type="password"
              value=""
            >
              <label
                class="sc-cSHVUG cEERK"
              >
                Пароль
              </label>
              <div
                class="sc-fjdhpX kbgEzK"
                color="default"
              >
                <input
                  class="sc-chPdSV iTTWNX"
                  value=""
                />
                <div
                  class="sc-jzJRlG gkEvqg"
                  color="default"
                />
              </div>
            </div>
            <div
              class="sc-kAzzGY jkRSqS"
              color="default"
              label="Повторите пароль"
              type="password"
              value=""
            >
              <label
                class="sc-cSHVUG cEERK"
              >
                Повторите пароль
              </label>
              <div
                class="sc-fjdhpX kbgEzK"
                color="default"
              >
                <input
                  class="sc-chPdSV iTTWNX"
                  value=""
                />
                <div
                  class="sc-jzJRlG gkEvqg"
                  color="default"
                />
              </div>
            </div>
          </div>
          <div
            class="sc-iRbamj cUbavi"
          >
            <button
              class="sc-jlyJG emunYX sc-bxivhb hUEkAr"
              color="success"
              type="submit"
            >
              <div
                class="sc-EHOje fVHsnR"
              >
                Сохранить
              </div>
              <div
                class="rtr-root sc-ifAKCX jCCKIM"
                timeout="[object Object]"
              >
                <span />
              </div>
            </button>
          </div>
        </form>
      </div>
      <div
        class="sc-csuQGl ehqwrJ"
      >
        <div
          class="sc-jAaTju kRsMPV"
        >
          <div
            class="sc-cvbbAY eFzwdd"
          >
            <div
              class="sc-brqgnP hEgmVV"
            />
            <table
              class="sc-jWBwVP dUfZFW"
            >
              <thead>
                <tr>
                  <td
                    style="text-align: center;"
                  >
                    №
                  </td>
                  <td>
                    Курс
                  </td>
                  <td
                    style="text-align: center;"
                  >
                    Стоимость
                  </td>
                  <td
                    style="text-align: center;"
                  >
                    Долг
                  </td>
                  <td
                    style="text-align: center;"
                  >
                    Квота
                  </td>
                  <td
                    style="text-align: center;"
                  >
                    Остаток
                  </td>
                  <td
                    style="text-align: center;"
                  >
                    Дата покупки
                  </td>
                  <td />
                </tr>
              </thead>
              <tbody>
                <tr
                  class="sc-eHgmQL UBTKg"
                >
                  <td
                    style="text-align: center;"
                  >
                    1
                  </td>
                  <td>
                    Бодифлекс
                  </td>
                  <td
                    style="text-align: center;"
                  >
                    1500
                  </td>
                  <td
                    style="text-align: center;"
                  >
                    0
                  </td>
                  <td
                    style="text-align: center;"
                  >
                    11
                  </td>
                  <td
                    style="text-align: center;"
                  >
                    5
                  </td>
                  <td
                    style="text-align: center;"
                  >
                    28-01-2019
                  </td>
                  <td>
                    <div
                      class="sc-hSdWYo kdMaZE"
                    >
                      <button
                        class="sc-bxivhb fGTkgy"
                        color="success"
                      >
                        <div
                          class="sc-EHOje fVHsnR"
                        >
                          <svg
                            aria-hidden="true"
                            class="MuiSvgIcon-root-19"
                            focusable="false"
                            role="presentation"
                            viewBox="0 0 24 24"
                          >
                            <path
                              d="M3 17.25V21h3.75L17.81 9.94l-3.75-3.75L3 17.25zM20.71 7.04c.39-.39.39-1.02 0-1.41l-2.34-2.34a.9959.9959 0 0 0-1.41 0l-1.83 1.83 3.75 3.75 1.83-1.83z"
                            />
                            <path
                              d="M0 0h24v24H0z"
                              fill="none"
                            />
                          </svg>
                        </div>
                        <div
                          class="rtr-root sc-ifAKCX jCCKIM"
                          timeout="[object Object]"
                        >
                          <span />
                        </div>
                      </button>
                      <button
                        class="sc-bxivhb ciAmRZ"
                        color="danger"
                      >
                        <div
                          class="sc-EHOje fVHsnR"
                        >
                          <svg
                            aria-hidden="true"
                            class="MuiSvgIcon-root-19"
                            focusable="false"
                            role="presentation"
                            viewBox="0 0 24 24"
                          >
                            <path
                              d="M19 6.41L17.59 5 12 10.59 6.41 5 5 6.41 10.59 12 5 17.59 6.41 19 12 13.41 17.59 19 19 17.59 13.41 12z"
                            />
                            <path
                              d="M0 0h24v24H0z"
                              fill="none"
                            />
                          </svg>
                        </div>
                        <div
                          class="rtr-root sc-ifAKCX jCCKIM"
                          timeout="[object Object]"
                        >
                          <span />
                        </div>
                      </button>
                    </div>
                  </td>
                </tr>
                <tr
                  class="sc-eHgmQL UBTKg"
                >
                  <td
                    style="text-align: center;"
                  >
                    2
                  </td>
                  <td>
                    Тренинг "познай тело"
                  </td>
                  <td
                    style="text-align: center;"
                  >
                    1600
                  </td>
                  <td
                    style="text-align: center;"
                  >
                    0
                  </td>
                  <td
                    style="text-align: center;"
                  >
                    8
                  </td>
                  <td
                    style="text-align: center;"
                  >
                    6
                  </td>
                  <td
                    style="text-align: center;"
                  >
                    28-01-2019
                  </td>
                  <td>
                    <div
                      class="sc-hSdWYo kdMaZE"
                    >
                      <button
                        class="sc-bxivhb fGTkgy"
                        color="success"
                      >
                        <div
                          class="sc-EHOje fVHsnR"
                        >
                          <svg
                            aria-hidden="true"
                            class="MuiSvgIcon-root-19"
                            focusable="false"
                            role="presentation"
                            viewBox="0 0 24 24"
                          >
                            <path
                              d="M3 17.25V21h3.75L17.81 9.94l-3.75-3.75L3 17.25zM20.71 7.04c.39-.39.39-1.02 0-1.41l-2.34-2.34a.9959.9959 0 0 0-1.41 0l-1.83 1.83 3.75 3.75 1.83-1.83z"
                            />
                            <path
                              d="M0 0h24v24H0z"
                              fill="none"
                            />
                          </svg>
                        </div>
                        <div
                          class="rtr-root sc-ifAKCX jCCKIM"
                          timeout="[object Object]"
                        >
                          <span />
                        </div>
                      </button>
                      <button
                        class="sc-bxivhb ciAmRZ"
                        color="danger"
                      >
                        <div
                          class="sc-EHOje fVHsnR"
                        >
                          <svg
                            aria-hidden="true"
                            class="MuiSvgIcon-root-19"
                            focusable="false"
                            role="presentation"
                            viewBox="0 0 24 24"
                          >
                            <path
                              d="M19 6.41L17.59 5 12 10.59 6.41 5 5 6.41 10.59 12 5 17.59 6.41 19 12 13.41 17.59 19 19 17.59 13.41 12z"
                            />
                            <path
                              d="M0 0h24v24H0z"
                              fill="none"
                            />
                          </svg>
                        </div>
                        <div
                          class="rtr-root sc-ifAKCX jCCKIM"
                          timeout="[object Object]"
                        >
                          <span />
                        </div>
                      </button>
                    </div>
                  </td>
                </tr>
                <tr
                  class="sc-eHgmQL UBTKg"
                >
                  <td
                    style="text-align: center;"
                  >
                    3
                  </td>
                  <td>
                    Королевская осанка
                  </td>
                  <td
                    style="text-align: center;"
                  >
                    420
                  </td>
                  <td
                    style="text-align: center;"
                  >
                    0
                  </td>
                  <td
                    style="text-align: center;"
                  >
                    9
                  </td>
                  <td
                    style="text-align: center;"
                  >
                    8
                  </td>
                  <td
                    style="text-align: center;"
                  >
                    20-02-2019
                  </td>
                  <td>
                    <div
                      class="sc-hSdWYo kdMaZE"
                    >
                      <button
                        class="sc-bxivhb fGTkgy"
                        color="success"
                      >
                        <div
                          class="sc-EHOje fVHsnR"
                        >
                          <svg
                            aria-hidden="true"
                            class="MuiSvgIcon-root-19"
                            focusable="false"
                            role="presentation"
                            viewBox="0 0 24 24"
                          >
                            <path
                              d="M3 17.25V21h3.75L17.81 9.94l-3.75-3.75L3 17.25zM20.71 7.04c.39-.39.39-1.02 0-1.41l-2.34-2.34a.9959.9959 0 0 0-1.41 0l-1.83 1.83 3.75 3.75 1.83-1.83z"
                            />
                            <path
                              d="M0 0h24v24H0z"
                              fill="none"
                            />
                          </svg>
                        </div>
                        <div
                          class="rtr-root sc-ifAKCX jCCKIM"
                          timeout="[object Object]"
                        >
                          <span />
                        </div>
                      </button>
                      <button
                        class="sc-bxivhb ciAmRZ"
                        color="danger"
                      >
                        <div
                          class="sc-EHOje fVHsnR"
                        >
                          <svg
                            aria-hidden="true"
                            class="MuiSvgIcon-root-19"
                            focusable="false"
                            role="presentation"
                            viewBox="0 0 24 24"
                          >
                            <path
                              d="M19 6.41L17.59 5 12 10.59 6.41 5 5 6.41 10.59 12 5 17.59 6.41 19 12 13.41 17.59 19 19 17.59 13.41 12z"
                            />
                            <path
                              d="M0 0h24v24H0z"
                              fill="none"
                            />
                          </svg>
                        </div>
                        <div
                          class="rtr-root sc-ifAKCX jCCKIM"
                          timeout="[object Object]"
                        >
                          <span />
                        </div>
                      </button>
                    </div>
                  </td>
                </tr>
                <tr
                  class="sc-eHgmQL UBTKg"
                >
                  <td
                    style="text-align: center;"
                  >
                    4
                  </td>
                  <td>
                    Королевская осанка
                  </td>
                  <td
                    style="text-align: center;"
                  >
                    700
                  </td>
                  <td
                    style="text-align: center;"
                  >
                    0
                  </td>
                  <td
                    style="text-align: center;"
                  >
                    6
                  </td>
                  <td
                    style="text-align: center;"
                  >
                    5
                  </td>
                  <td
                    style="text-align: center;"
                  >
                    20-02-2019
                  </td>
                  <td>
                    <div
                      class="sc-hSdWYo kdMaZE"
                    >
                      <button
                        class="sc-bxivhb fGTkgy"
                        color="success"
                      >
                        <div
                          class="sc-EHOje fVHsnR"
                        >
                          <svg
                            aria-hidden="true"
                            class="MuiSvgIcon-root-19"
                            focusable="false"
                            role="presentation"
                            viewBox="0 0 24 24"
                          >
                            <path
                              d="M3 17.25V21h3.75L17.81 9.94l-3.75-3.75L3 17.25zM20.71 7.04c.39-.39.39-1.02 0-1.41l-2.34-2.34a.9959.9959 0 0 0-1.41 0l-1.83 1.83 3.75 3.75 1.83-1.83z"
                            />
                            <path
                              d="M0 0h24v24H0z"
                              fill="none"
                            />
                          </svg>
                        </div>
                        <div
                          class="rtr-root sc-ifAKCX jCCKIM"
                          timeout="[object Object]"
                        >
                          <span />
                        </div>
                      </button>
                      <button
                        class="sc-bxivhb ciAmRZ"
                        color="danger"
                      >
                        <div
                          class="sc-EHOje fVHsnR"
                        >
                          <svg
                            aria-hidden="true"
                            class="MuiSvgIcon-root-19"
                            focusable="false"
                            role="presentation"
                            viewBox="0 0 24 24"
                          >
                            <path
                              d="M19 6.41L17.59 5 12 10.59 6.41 5 5 6.41 10.59 12 5 17.59 6.41 19 12 13.41 17.59 19 19 17.59 13.41 12z"
                            />
                            <path
                              d="M0 0h24v24H0z"
                              fill="none"
                            />
                          </svg>
                        </div>
                        <div
                          class="rtr-root sc-ifAKCX jCCKIM"
                          timeout="[object Object]"
                        >
                          <span />
                        </div>
                      </button>
                    </div>
                  </td>
                </tr>
                <tr
                  class="sc-eHgmQL UBTKg"
                >
                  <td
                    style="text-align: center;"
                  >
                    5
                  </td>
                  <td>
                    Королевская осанка
                  </td>
                  <td
                    style="text-align: center;"
                  >
                    800
                  </td>
                  <td
                    style="text-align: center;"
                  >
                    0
                  </td>
                  <td
                    style="text-align: center;"
                  >
                    9
                  </td>
                  <td
                    style="text-align: center;"
                  >
                    8
                  </td>
                  <td
                    style="text-align: center;"
                  >
                    20-02-2019
                  </td>
                  <td>
                    <div
                      class="sc-hSdWYo kdMaZE"
                    >
                      <button
                        class="sc-bxivhb fGTkgy"
                        color="success"
                      >
                        <div
                          class="sc-EHOje fVHsnR"
                        >
                          <svg
                            aria-hidden="true"
                            class="MuiSvgIcon-root-19"
                            focusable="false"
                            role="presentation"
                            viewBox="0 0 24 24"
                          >
                            <path
                              d="M3 17.25V21h3.75L17.81 9.94l-3.75-3.75L3 17.25zM20.71 7.04c.39-.39.39-1.02 0-1.41l-2.34-2.34a.9959.9959 0 0 0-1.41 0l-1.83 1.83 3.75 3.75 1.83-1.83z"
                            />
                            <path
                              d="M0 0h24v24H0z"
                              fill="none"
                            />
                          </svg>
                        </div>
                        <div
                          class="rtr-root sc-ifAKCX jCCKIM"
                          timeout="[object Object]"
                        >
                          <span />
                        </div>
                      </button>
                      <button
                        class="sc-bxivhb ciAmRZ"
                        color="danger"
                      >
                        <div
                          class="sc-EHOje fVHsnR"
                        >
                          <svg
                            aria-hidden="true"
                            class="MuiSvgIcon-root-19"
                            focusable="false"
                            role="presentation"
                            viewBox="0 0 24 24"
                          >
                            <path
                              d="M19 6.41L17.59 5 12 10.59 6.41 5 5 6.41 10.59 12 5 17.59 6.41 19 12 13.41 17.59 19 19 17.59 13.41 12z"
                            />
                            <path
                              d="M0 0h24v24H0z"
                              fill="none"
                            />
                          </svg>
                        </div>
                        <div
                          class="rtr-root sc-ifAKCX jCCKIM"
                          timeout="[object Object]"
                        >
                          <span />
                        </div>
                      </button>
                    </div>
                  </td>
                </tr>
              </tbody>
            </table>
          </div>
        </div>
        <div
          class="sc-hzDkRC deNlEF"
        >
          <div
            class="sc-kAzzGY jkRSqS"
            color="default"
            data=""
            placeholder="Выбирите абонимент"
            value=""
          >
            <label
              class="sc-cSHVUG dWFnGS"
            />
            <div
              class="sc-fjdhpX gcKgED"
              color="default"
            >
              <div
                class="sc-kgoBCf dOcyB"
              >
                <svg
                  aria-hidden="true"
                  class="MuiSvgIcon-root-19"
                  focusable="false"
                  role="presentation"
                  viewBox="0 0 24 24"
                >
                  <path
                    d="M0 0h24v24H0z"
                    fill="none"
                  />
                  <path
                    d="M20.57 14.86L22 13.43 20.57 12 17 15.57 8.43 7 12 3.43 10.57 2 9.14 3.43 7.71 2 5.57 4.14 4.14 2.71 2.71 4.14l1.43 1.43L2 7.71l1.43 1.43L2 10.57 3.43 12 7 8.43 15.57 17 12 20.57 13.43 22l1.43-1.43L16.29 22l2.14-2.14 1.43 1.43 1.43-1.43-1.43-1.43L22 16.29z"
                  />
                </svg>
              </div>
              <input
                class="sc-chPdSV iTTWNX"
                placeholder="Выбирите абонимент"
                value=""
              />
              <div
                class="sc-kGXeez jHAfAq"
              >
                <svg
                  aria-hidden="true"
                  class="MuiSvgIcon-root-19"
                  focusable="false"
                  role="presentation"
                  viewBox="0 0 24 24"
                >
                  <path
                    d="M7 10l5 5 5-5z"
                  />
                  <path
                    d="M0 0h24v24H0z"
                    fill="none"
                  />
                </svg>
              </div>
              <div
                class="sc-jzJRlG dNgqWR"
                color="default"
              />
            </div>
          </div>
          <button
            class="sc-bxivhb cZkzNO"
            color="default"
            disabled=""
            type="submit"
          >
            <div
              class="sc-EHOje fVHsnR"
            >
              Добавить
            </div>
            <div
              class="rtr-root sc-ifAKCX jCCKIM"
              timeout="[object Object]"
            >
              <span />
            </div>
          </button>
        </div>
      </div>
    </div>
  </div>
</DocumentFragment>
`;
